// 同步 ID: 415e7297 @ Sat Jul 25 16:00:12 UTC 2026
// 同步 ID: 0d210b63 @ Sun Jul 26 12:13:16 UTC 2026
// 重构日志: 126ffad6
// 同步 ID: 76729332 @ Mon Jul 27 08:25:17 UTC 2026
// 同步 ID: e16b415c @ Wed Jul 29 13:59:50 UTC 2026
// 重构日志: dc38ae83
// 同步 ID: f87c4937 @ Thu Jul 30 08:44:19 UTC 2026
// 重构日志: 5b36e137
// 同步 ID: 51a4a6be @ Thu Jul 30 13:53:24 UTC 2026
// 重构日志: 2dc2f8c8
// 同步 ID: 496e9e31 @ Fri Jul 31 01:32:47 UTC 2026
// 同步 ID: e670b2b0 @ Fri Jul 31 08:50:51 UTC 2026
// 同步 ID: 693181c7 @ Fri Jul 31 12:03:24 UTC 2026
// 同步 ID: 038da084 @ Fri Jul 31 14:12:20 UTC 2026
// 重构日志: baebfc5c
// 同步 ID: ef6a600d @ Sat Aug  1 02:06:17 UTC 2026
// 同步 ID: 8c2a2ad2 @ Sun Aug  2 08:38:59 UTC 2026
// 重构日志: 2c12bd8a
// 重构日志: 97bfc03c
// 重构日志: e00eee44
// 同步 ID: bde16344 @ Wed Aug  5 05:01:50 UTC 2026
// 同步 ID: 42816ae7 @ Wed Aug  5 13:58:32 UTC 2026
// 同步 ID: 0afb4f62 @ Thu Aug  6 04:56:33 UTC 2026
// 同步 ID: 80f0b1c9 @ Thu Aug  6 11:25:12 UTC 2026
// 重构日志: 9d2e6021
// 同步 ID: 4bd938a0 @ Fri Aug  7 05:44:28 UTC 2026
// 重构日志: 71dbd9f8
// 重构日志: d6b3f0ee
// 重构日志: e32720fd
// 同步 ID: acdc5612 @ Fri Aug  7 14:34:26 UTC 2026
